==================================================
Account Created
Photo Captured Successfully
Candidate Registered Successfully
Date : 29-07-2026
Time : 21:35:17
==================================================

==================================================
Account Created
Photo Captured Successfully
Candidate Registered Successfully
Date : 29-07-2026
Time : 21:36:31
==================================================

[21:40:39] Multiple Faces Detected (2 Faces)
[21:40:39] Face Count Normal (1 Face)
[21:40:43] Browser Focus Lost
[21:40:45] Browser Focus Regained
[21:40:47] Browser Focus Lost
[21:40:48] Browser Focus Regained
[21:40:48] Multiple Faces Detected (2 Faces)
[21:40:49] Face Count Normal (1 Face)
[21:40:49] Candidate Missing
[21:40:49] Candidate Returned (Missing 0 sec)
[21:40:49] Multiple Faces Detected (2 Faces)
[21:40:49] Candidate Missing
[21:40:54] Candidate Returned (Missing 4 sec)
[21:40:55] Browser Focus Lost
[21:41:00] Multiple Faces Detected (2 Faces)
[21:41:00] Face Count Normal (1 Face)
[21:41:03] Browser Focus Regained
[21:41:04] Candidate Missing
[21:41:07] Browser Focus Lost
[21:41:09] Browser Focus Regained
[21:41:11] Candidate Returned (Missing 6 sec)
[21:41:12] Multiple Faces Detected (2 Faces)
[21:41:12] Face Count Normal (1 Face)
[21:41:16] Browser Focus Lost
[21:41:33] Multiple Faces Detected (2 Faces)
[21:41:34] Face Count Normal (1 Face)
[21:41:36] Multiple Faces Detected (2 Faces)
[21:41:36] Face Count Normal (1 Face)
[21:41:50] Browser Focus Regained
[21:41:51] Browser Focus Lost
[21:41:53] Browser Focus Regained
[21:41:54] Browser Focus Lost
[21:42:15] Multiple Faces Detected (2 Faces)
[21:42:16] Face Count Normal (1 Face)
[21:43:04] Multiple Faces Detected (2 Faces)
[21:43:04] Face Count Normal (1 Face)
[21:43:05] Multiple Faces Detected (2 Faces)
[21:43:05] Face Count Normal (1 Face)
[21:43:05] Multiple Faces Detected (2 Faces)
[21:43:05] Face Count Normal (1 Face)
